RAM Allocation [bytes]
Variable                                                                          Address   Size
------------------------------------------------------------------------------------------------
keypad                                                                            0x05D6      16
WordLen                                                                           0x05E6       2
tmp                                                                               0x05E8      50
Scoretmp                                                                          0x061A      50
Category                                                                          0x064C       8
Sport                                                                             0x0654      40
Movie                                                                             0x067C      40
Countries                                                                         0x06A4      40
ComputerScience                                                                   0x06CC      40
AWords                                                                            0x06F4      12
BWords                                                                            0x0700      12
CWords                                                                            0x070C      14
FWords                                                                            0x071A      14
DWords                                                                            0x0728      14
Words                                                                             0x0736      52
alphabet                                                                          0x076A      52
point                                                                             0x079E       2
WordSetState                                                                      0x07A0       2
CharIndex                                                                         0x07A2       2
ChoosenChar                                                                       0x07A4       2
CurrentWord                                                                       0x07A6       2
bCanSelectCategory                                                                0x07A8       1
bCanGuess                                                                         0x07A9       1
bIsSelectedNumber                                                                 0x07AA       1
bIsFirstTime                                                                      0x07AB       1
bWrongGuess                                                                       0x07AC       1
bFoundCorrectGuess                                                                0x07AD       1
health                                                                            0x07AE       2
_seed                                                                             0x07B0       4

EEPROM Allocation [bytes]
Variable                                                                          Address   Size
------------------------------------------------------------------------------------------------

Register Allocation
Variable                                                                          Register  Size
------------------------------------------------------------------------------------------------
colloc                                                                            R5           1
rowloc                                                                            R4           1
out                                                                               R7           1
SelectedCategory                                                                  R6           1
i                                                                                 R8,R9        2
h                                                                                 R10,R11      2
WordIndex                                                                         R12,R13      2

FLASH Allocation [words]
Function                                                                          Address   Size
------------------------------------------------------------------------------------------------
lcdCommand                                                                        0x00484      7
lcdData                                                                           0x0048B      7
lcd_init                                                                          0x00492     19
lcd_gotoxy                                                                        0x004A5      4
lcd_print                                                                         0x004A9     16
get_key                                                                           0x004B9     61
lcdCommand2                                                                       0x004F6      7
lcdData2                                                                          0x004FD      7
lcd_init2                                                                         0x00504     19
lcd_gotoxy2                                                                       0x00517      9
lcd_print2                                                                        0x00520     18
timer1_ovf_isr                                                                    0x00532     66
main                                                                              0x00574     42
ext_int0_isr                                                                      0x0059E    208
ShowCategory                                                                      0x0066E     57
SelectAndShowWord                                                                 0x006A7     52
ShowRandomWord                                                                    0x006DB     35
CheckGuess                                                                        0x006FE    124
InitAlphabet                                                                      0x0077A     23
Print6                                                                            0x00791     32
Print7                                                                            0x007B1     33
InitHealth                                                                        0x007D2      7
EndGame                                                                           0x007D9     14
CalculatePoint                                                                    0x007E7     21
put_buff_G100                                                                     0x007FC     57
_print_G100                                                                       0x00835    308
sprintf                                                                           0x00969     50
get_buff_G100                                                                     0x0099B     42
_scanf_G100                                                                       0x009C5    322
sscanf                                                                            0x00B07     45
atoi                                                                              0x00B34     55
strlen                                                                            0x00B6B     12
strlenf                                                                           0x00B77     13
isdigit                                                                           0x00B84      9
isspace                                                                           0x00B8D     11
isxdigit                                                                          0x00B98     15
