RAM Allocation [bytes]
Variable                                                                          Address   Size
------------------------------------------------------------------------------------------------
keypad                                                                            0x05EA      16
WordLen                                                                           0x05FA       2
tmp                                                                               0x05FC      50
Scoretmp                                                                          0x062E      50
Category                                                                          0x0660       8
Sport                                                                             0x0668      40
Movie                                                                             0x0690      40
Countries                                                                         0x06B8      40
ComputerScience                                                                   0x06E0      40
AWords                                                                            0x0708      12
BWords                                                                            0x0714      12
CWords                                                                            0x0720      14
FWords                                                                            0x072E      14
DWords                                                                            0x073C      14
Words                                                                             0x074A      52
alphabet                                                                          0x077E      52
point                                                                             0x07B2       2
WordSetState                                                                      0x07B4       2
CharIndex                                                                         0x07B6       2
ChoosenChar                                                                       0x07B8       2
CurrentWord                                                                       0x07BA       2
bCanSelectCategory                                                                0x07BC       1
bCanGuess                                                                         0x07BD       1
bIsSelectedNumber                                                                 0x07BE       1
bIsFirstTime                                                                      0x07BF       1
bWrongGuess                                                                       0x07C0       1
bFoundCorrectGuess                                                                0x07C1       1
bWon                                                                              0x07C2       1
health                                                                            0x07C3       2
_seed                                                                             0x07C5       4

EEPROM Allocation [bytes]
Variable                                                                          Address   Size
------------------------------------------------------------------------------------------------

Register Allocation
Variable                                                                          Register  Size
------------------------------------------------------------------------------------------------
colloc                                                                            R5           1
rowloc                                                                            R4           1
out                                                                               R7           1
SelectedCategory                                                                  R6           1
i                                                                                 R8,R9        2
h                                                                                 R10,R11      2
WordIndex                                                                         R12,R13      2

FLASH Allocation [words]
Function                                                                          Address   Size
------------------------------------------------------------------------------------------------
lcdCommand                                                                        0x00491      7
lcdData                                                                           0x00498      7
lcd_init                                                                          0x0049F     19
lcd_gotoxy                                                                        0x004B2      4
lcd_print                                                                         0x004B6     16
get_key                                                                           0x004C6     61
lcdCommand2                                                                       0x00503      7
lcdData2                                                                          0x0050A      7
lcd_init2                                                                         0x00511     19
lcd_gotoxy2                                                                       0x00524      9
lcd_print2                                                                        0x0052D     18
timer1_ovf_isr                                                                    0x0053F     66
main                                                                              0x00581     42
ext_int0_isr                                                                      0x005AB    208
ShowCategory                                                                      0x0067B     57
SelectAndShowWord                                                                 0x006B4     62
ShowRandomWord                                                                    0x006F2     35
CheckGuess                                                                        0x00715    127
InitAlphabet                                                                      0x00794     23
Print6                                                                            0x007AB     32
Print7                                                                            0x007CB     33
InitHealth                                                                        0x007EC      7
EndGame                                                                           0x007F3     21
CalculatePoint                                                                    0x00808     21
put_buff_G100                                                                     0x0081D     57
_print_G100                                                                       0x00856    308
sprintf                                                                           0x0098A     50
get_buff_G100                                                                     0x009BC     42
_scanf_G100                                                                       0x009E6    322
sscanf                                                                            0x00B28     45
atoi                                                                              0x00B55     55
strlen                                                                            0x00B8C     12
strlenf                                                                           0x00B98     13
isdigit                                                                           0x00BA5      9
isspace                                                                           0x00BAE     11
isxdigit                                                                          0x00BB9     15
